// Jest Snapshot v1, https://goo.gl/fbAQLP

exports[`emits toggled value when clicked 1`] = `
<label>
  <span
    class="o o--l"
  />
   
  <span
    class="p"
  />
   
  <input
    type="checkbox"
  />
   
  <span
    class="o o--t"
  />
   
  <span
    class="absolute invisible"
  >
    test
  </span>
   
  <span
    class="o o--r"
  />
</label>
`;

exports[`emits toggled value when clicked 2`] = `
<label>
  <span
    class="o o--l"
  />
   
  <span
    class="p"
  />
   
  <input
    type="checkbox"
  />
   
  <span
    class="o o--t"
  />
   
  <span
    class="absolute invisible"
  >
    test
  </span>
   
  <span
    class="o o--r"
  />
</label>
`;
