// Jest Snapshot v1, https://goo.gl/fbAQLP

exports[`emits toggled value when clicked 1`] = `
<label
  class="relative inline-block w-12 h-6"
>
  <span
    class="w-6 z--1 border-2 boder-solid border-black rounded-full h-full absolute pin-l"
  />
   
  <span
    class="pin mx-3 bg-white absolute border-solid border-black border-t-2 border-b-2"
  />
   
  <input
    class="absolute opacity-0"
    type="checkbox"
  />
   
  <span
    class="dmc-o yo-all yo-fast yo-ease w-6 border-2 boder-solid border-black rounded-full h-full absolute pin-l z-1 bg-black"
  />
   
  <span
    class="absolute invisible"
  >
    test
  </span>
   
  <span
    class="z--1 w-6 border-2 boder-solid border-black rounded-full h-full absolute pin-r"
  />
</label>
`;

exports[`emits toggled value when clicked 2`] = `
<label
  class="relative inline-block w-12 h-6"
>
  <span
    class="w-6 z--1 border-2 boder-solid border-black rounded-full h-full absolute pin-l"
  />
   
  <span
    class="pin mx-3 bg-white absolute border-solid border-black border-t-2 border-b-2"
  />
   
  <input
    class="absolute opacity-0"
    type="checkbox"
  />
   
  <span
    class="dmc-o yo-all yo-fast yo-ease w-6 border-2 boder-solid border-black rounded-full h-full absolute pin-l z-1 bg-black"
  />
   
  <span
    class="absolute invisible"
  >
    test
  </span>
   
  <span
    class="z--1 w-6 border-2 boder-solid border-black rounded-full h-full absolute pin-r"
  />
</label>
`;
